docker -v


C:\Users\hp>docker images
REPOSITORY   TAG       IMAGE ID   CREATED   SIZE




C:\Users\hp>docker ps
CONTAINER ID   IMAGE     COMMAND   CREATED   STATUS    PORTS     NAMES



C:\Users\hp>docker pull openjdk
Using default tag: latest
latest: Pulling from library/openjdk
197c1adcd755: Pull complete
57b698b7af4b: Pull complete
95a27dbe0150: Pull complete
Digest: sha256:9b448de897d211c9e0ec635a485650aed6e28d4eca1efbc34940560a480b3f1f
Status: Downloaded newer image for openjdk:latest
docker.io/library/openjdk:latest

What's Next?
  View a summary of image vulnerabilities and recommendations → docker scout quickview openjdk





C:\Users\hp>docker images
REPOSITORY   TAG       IMAGE ID       CREATED         SIZE
openjdk      latest    71260f256d19   14 months ago   470MB



C:\Users\hp>docker run --name JAVA -it -d openjdk
636855773c5393b93aadd2abbe7aa6b4a0ff006855615d5374d283454e9d7758





C:\Users\hp>docker ps
CONTAINER ID   IMAGE     COMMAND    CREATED          STATUS          PORTS     NAMES636855773c53   openjdk   "jshell"   13 seconds ago   Up 11 seconds             JAVA




C:\Users\hp>docker exec -it JAVA jshell
|  Welcome to JShell -- Version 18.0.2.1
|  For an introduction type: /help intro



jshell> System.out.println("Hello docker");
Hello docker

jshell> int a=10
a ==> 10

jshell> int b=20
b ==> 20

jshell> System.out.println(a+b);
30

jshell> /exit
|  Goodbye

What's next?
  Try Docker Debug for seamless, persistent debugging tools in any container or image → docker debug JAVA
  Learn more at https://docs.docker.com/go/debug-cli/




C:\Users\hp>docker ps
CONTAINER ID   IMAGE     COMMAND    CREATED         STATUS         PORTS     NAMES
636855773c53   openjdk   "jshell"   4 minutes ago   Up 4 minutes             JAVA




C:\Users\hp>docker container rm 636855773c53
Error response from daemon: cannot remove container "/JAVA": container is running: stop the container before removing or force remove


C:\Users\hp>docker stop 636855773c53
636855773c53



C:\Users\hp>docker container rm 636855773c53
636855773c53



C:\Users\hp>docker ps
CONTAINER ID   IMAGE     COMMAND   CREATED   STATUS    PORTS     NAMES



C:\Users\hp>docker images
REPOSITORY   TAG       IMAGE ID       CREATED         SIZE
openjdk      latest    71260f256d19   14 months ago   470MB


C:\Users\hp>docker image prune
WARNING! This will remove all dangling images.
Are you sure you want to continue? [y/N] y
Total reclaimed space: 0B


C:\Users\hp>docker images
REPOSITORY   TAG       IMAGE ID       CREATED         SIZE
openjdk      latest    71260f256d19   14 months ago   470MB



















































